
Hexadecimal

Area                               Addr   Size   Decimal Bytes (Attributes)
--------------------------------   ----   ----   ------- ----- ------------
.  .ABS.                           0000   0000 =      0. bytes (ABS,OVR)

      Value  Global
   --------  --------------------------------
     0000    l_BSEG
     0000    l_BSEG_BYTES
     0000    l_HOME
     0000    l_ISEG
     0000    l_OSEG
     0000    l_REG_BANK_1
     0000    l_REG_BANK_2
     0000    l_REG_BANK_3
     0000    l_XINIT
     0000    l_XISEG
     0000    l_XSEG
     0000    l__CODE
     0000    s_BSEG
     0000    s_REG_BANK_0
     0000    s_XISEG
     0000    s_XSEG
     0000    s__CODE
     0001    l_SSEG
     0003    l_GSFINAL
     0005    l_DSEG
     0008    l_REG_BANK_0
     0008    s_DSEG
     0008    s_REG_BANK_1
     000D    s_OSEG
     000D    s_SSEG
     0010    s_REG_BANK_2
     0018    s_REG_BANK_3
     0020    s_BSEG_BYTES
     004B    l_GSINIT
     0080    s_ISEG
     00E2    l_CSEG
     4000    s_CSEG
     40E2    s_GSINIT
     412D    s_GSFINAL
     4130    s_HOME
     4130    s_XINIT
     8000    _U15
     FFFF    _U10

Hexadecimal

Area                               Addr   Size   Decimal Bytes (Attributes)
--------------------------------   ----   ----   ------- ----- ------------
_CODE                              0000   0000 =      0. bytes (REL,CON)

Hexadecimal

Area                               Addr   Size   Decimal Bytes (Attributes)
--------------------------------   ----   ----   ------- ----- ------------
REG_BANK_0                         0000   0008 =      8. bytes (REL,OVR)

Hexadecimal

Area                               Addr   Size   Decimal Bytes (Attributes)
--------------------------------   ----   ----   ------- ----- ------------
REG_BANK_1                         0008   0000 =      0. bytes (REL,OVR)

Hexadecimal

Area                               Addr   Size   Decimal Bytes (Attributes)
--------------------------------   ----   ----   ------- ----- ------------
REG_BANK_2                         0010   0000 =      0. bytes (REL,OVR)

Hexadecimal

Area                               Addr   Size   Decimal Bytes (Attributes)
--------------------------------   ----   ----   ------- ----- ------------
REG_BANK_3                         0018   0000 =      0. bytes (REL,OVR)

Hexadecimal

Area                               Addr   Size   Decimal Bits  (Attributes)
--------------------------------   ----   ----   ------- ----- ------------
BSEG                               0000   0000 =      0. bits  (REL,CON,BIT)

Hexadecimal

Area                               Addr   Size   Decimal Bytes (Attributes)
--------------------------------   ----   ----   ------- ----- ------------
BSEG_BYTES                         0020   0000 =      0. bytes (REL,CON)

Hexadecimal

Area                               Addr   Size   Decimal Bytes (Attributes)
--------------------------------   ----   ----   ------- ----- ------------
DSEG                               0008   0005 =      5. bytes (REL,CON)

      Value  Global
   --------  --------------------------------
     0008    _r
     0009    _buffer

Hexadecimal

Area                               Addr   Size   Decimal Bytes (Attributes)
--------------------------------   ----   ----   ------- ----- ------------
OSEG                               000D   0000 =      0. bytes (REL,OVR)

Hexadecimal

Area                               Addr   Size   Decimal Bytes (Attributes)
--------------------------------   ----   ----   ------- ----- ------------
SSEG                               000D   0001 =      1. bytes (REL,CON)

Hexadecimal

Area                               Addr   Size   Decimal Bytes (Attributes)
--------------------------------   ----   ----   ------- ----- ------------
ISEG                               0080   0000 =      0. bytes (REL,CON)

Hexadecimal

Area                               Addr   Size   Decimal Bytes (Attributes)
--------------------------------   ----   ----   ------- ----- ------------
XSEG                               0000   0000 =      0. bytes (REL,CON,XDATA)

Hexadecimal

Area                               Addr   Size   Decimal Bytes (Attributes)
--------------------------------   ----   ----   ------- ----- ------------
XISEG                              0000   0000 =      0. bytes (REL,CON,XDATA)

Hexadecimal

Area                               Addr   Size   Decimal Bytes (Attributes)
--------------------------------   ----   ----   ------- ----- ------------
CSEG                               4000   00E2 =    226. bytes (REL,CON,CODE)

      Value  Global
   --------  --------------------------------
  0C:4038    _LED
  0C:407E    _Init
  0C:4093    _pause
  0C:40A1    _main
  0C:40CA    _znak
  0C:40DA    _wysw
  0C:40DE    __sdcc_external_startup

Hexadecimal

Area                               Addr   Size   Decimal Bytes (Attributes)
--------------------------------   ----   ----   ------- ----- ------------
GSINIT                             40E2   004B =     75. bytes (REL,CON,CODE)

Hexadecimal

Area                               Addr   Size   Decimal Bytes (Attributes)
--------------------------------   ----   ----   ------- ----- ------------
GSFINAL                            412D   0003 =      3. bytes (REL,CON,CODE)

Hexadecimal

Area                               Addr   Size   Decimal Bytes (Attributes)
--------------------------------   ----   ----   ------- ----- ------------
HOME                               4130   0000 =      0. bytes (REL,CON,CODE)

Hexadecimal

Area                               Addr   Size   Decimal Bytes (Attributes)
--------------------------------   ----   ----   ------- ----- ------------
XINIT                              4130   0000 =      0. bytes (REL,CON,CODE)
ASxxxx Linker V01.70 + NoICE + SDCC Feb 1999,  page 1.

Files Linked	  [ module(s) ]

main            

Libraries Linked		       [   object  file   ]

n:\sdcc\\share\sdcc\lib\small/libsdcc.lib    [         _startup ]

ASxxxx Linker V01.70 + NoICE + SDCC Feb 1999,  page 2.

User Base Address Definitions

CSEG = 0x4000
XSEG = 0x0000
ISEG = 0x0080
BSEG = 0x0000

